// Jest Snapshot v1, https://goo.gl/fbAQLP

exports[`SplashScreen renders correctly 1`] = `
<View
  style={
    Array [
      Object {
        "alignItems": "center",
        "backgroundColor": "#ffffff",
        "flex": 1,
        "justifyContent": "center",
        "padding": 40,
      },
      Object {
        "alignItems": "center",
        "backgroundColor": "#FFD23F",
        "flex": 1,
        "justifyContent": "center",
      },
    ]
  }
>
  <BackHeaderContainer
    backButtonIconStyle={undefined}
    title={undefined}
  />
  <Image
    source={
      Object {
        "uri": "LaunchScreenLogo",
      }
    }
    style={
      Object {
        "height": 84,
        "width": 93,
      }
    }
  />
  <View
    pointerEvents={undefined}
    style={
      Array [
        Object {
          "alignItems": "center",
          "backgroundColor": "#ffffff",
          "bottom": 30,
          "left": 40,
          "position": "absolute",
          "right": 40,
        },
        Object {
          "backgroundColor": "transparent",
        },
      ]
    }
  >
    <ActivityIndicator
      animating={true}
      color="#FFFFFF"
      hidesWhenStopped={true}
      size="small"
      style={
        Object {
          "height": 42,
        }
      }
    />
  </View>
  <ErrorModalContainer />
</View>
`;
