// Jest Snapshot v1, https://goo.gl/fbAQLP

exports[`BitcoinUnitScreen renders correctly 1`] = `
<View
  style={
    Object {
      "alignSelf": "stretch",
      "backgroundColor": "#EFEFF3",
      "flex": 1,
    }
  }
>
  <RCTScrollView>
    <View>
      <View
        style={
          Array [
            Object {
              "paddingTop": 35,
            },
            undefined,
          ]
        }
      >
        <Text
          style={
            Array [
              Object {
                "color": "#000000",
                "fontFamily": "System",
                "fontWeight": "400",
              },
              Object {
                "color": "#8A8A8F",
                "fontSize": 13,
                "lineHeight": 17,
                "marginBottom": 5.5,
                "paddingLeft": 15,
                "paddingRight": 15,
                "textTransform": "uppercase",
              },
            ]
          }
        >
          Balance Preview
        </Text>
        <View
          style={
            Array [
              Object {
                "backgroundColor": "white",
                "borderBottomColor": "#C8C8CC",
                "borderBottomWidth": 0.5,
                "borderTopColor": "#C8C8CC",
                "borderTopWidth": 0.5,
                "marginBottom": 35,
              },
              undefined,
            ]
          }
        >
          <View
            style={
              Array [
                Object {
                  "borderBottomColor": "#C8C7CC",
                  "borderBottomWidth": 0.5,
                  "flex": 1,
                  "height": 44,
                  "justifyContent": "center",
                  "marginLeft": 15,
                  "paddingRight": 15,
                },
                Object {
                  "alignItems": "center",
                  "borderBottomWidth": 0,
                },
              ]
            }
          >
            <Text
              style={
                Array [
                  Object {
                    "color": "#000000",
                    "fontFamily": "System",
                    "fontWeight": "400",
                  },
                  Object {
                    "fontSize": 17,
                    "fontWeight": "400",
                    "lineHeight": 22,
                  },
                ]
              }
            >
              1.37484 BTC
            </Text>
          </View>
        </View>
        <Text
          style={
            Array [
              Object {
                "color": "#000000",
                "fontFamily": "System",
                "fontWeight": "400",
              },
              Object {
                "color": "#8A8A8F",
                "fontSize": 13,
                "lineHeight": 17,
                "marginBottom": 30,
                "marginTop": -25,
                "paddingLeft": 15,
                "paddingRight": 15,
              },
            ]
          }
        >
          This is how your current account balance looks like with the selected unit below.
        </Text>
        <Text
          style={
            Array [
              Object {
                "color": "#000000",
                "fontFamily": "System",
                "fontWeight": "400",
              },
              Object {
                "color": "#8A8A8F",
                "fontSize": 13,
                "lineHeight": 17,
                "marginBottom": 5.5,
                "paddingLeft": 15,
                "paddingRight": 15,
                "textTransform": "uppercase",
              },
            ]
          }
        >
          Display Unit
        </Text>
        <View
          style={
            Array [
              Object {
                "backgroundColor": "white",
                "borderBottomColor": "#C8C8CC",
                "borderBottomWidth": 0.5,
                "borderTopColor": "#C8C8CC",
                "borderTopWidth": 0.5,
                "marginBottom": 35,
              },
              undefined,
            ]
          }
        >
          <View
            accessible={true}
            isTVSelectable={true}
            onResponderGrant={[Function]}
            onResponderMove={[Function]}
            onResponderRelease={[Function]}
            onResponderTerminate={[Function]}
            onResponderTerminationRequest={[Function]}
            onStartShouldSetResponder={[Function]}
            style={null}
          >
            <View
              style={
                Array [
                  Object {
                    "borderBottomColor": "#C8C7CC",
                    "borderBottomWidth": 0.5,
                    "flex": 1,
                    "height": 44,
                    "justifyContent": "center",
                    "marginLeft": 15,
                    "paddingRight": 15,
                  },
                  undefined,
                ]
              }
            >
              <Text
                style={
                  Array [
                    Object {
                      "color": "#000000",
                      "fontFamily": "System",
                      "fontWeight": "400",
                    },
                    Object {
                      "fontSize": 17,
                      "fontWeight": "400",
                      "lineHeight": 22,
                    },
                  ]
                }
              >
                BTC
              </Text>
              <Text
                allowFontScaling={false}
                style={
                  Array [
                    Object {
                      "color": undefined,
                      "fontSize": 12,
                    },
                    Object {
                      "color": "#007AFF",
                      "fontSize": 16,
                      "paddingTop": 2,
                      "position": "absolute",
                      "right": 15,
                    },
                    Object {
                      "fontFamily": "Octicons",
                      "fontStyle": "normal",
                      "fontWeight": "normal",
                    },
                    Object {},
                  ]
                }
              >
                ï„”
              </Text>
            </View>
          </View>
          <View
            accessible={true}
            isTVSelectable={true}
            onResponderGrant={[Function]}
            onResponderMove={[Function]}
            onResponderRelease={[Function]}
            onResponderTerminate={[Function]}
            onResponderTerminationRequest={[Function]}
            onStartShouldSetResponder={[Function]}
            style={null}
          >
            <View
              style={
                Array [
                  Object {
                    "borderBottomColor": "#C8C7CC",
                    "borderBottomWidth": 0.5,
                    "flex": 1,
                    "height": 44,
                    "justifyContent": "center",
                    "marginLeft": 15,
                    "paddingRight": 15,
                  },
                  undefined,
                ]
              }
            >
              <Text
                style={
                  Array [
                    Object {
                      "color": "#000000",
                      "fontFamily": "System",
                      "fontWeight": "400",
                    },
                    Object {
                      "fontSize": 17,
                      "fontWeight": "400",
                      "lineHeight": 22,
                    },
                  ]
                }
              >
                mBTC
              </Text>
            </View>
          </View>
          <View
            accessible={true}
            isTVSelectable={true}
            onResponderGrant={[Function]}
            onResponderMove={[Function]}
            onResponderRelease={[Function]}
            onResponderTerminate={[Function]}
            onResponderTerminationRequest={[Function]}
            onStartShouldSetResponder={[Function]}
            style={null}
          >
            <View
              style={
                Array [
                  Object {
                    "borderBottomColor": "#C8C7CC",
                    "borderBottomWidth": 0.5,
                    "flex": 1,
                    "height": 44,
                    "justifyContent": "center",
                    "marginLeft": 15,
                    "paddingRight": 15,
                  },
                  Object {
                    "borderBottomWidth": 0,
                  },
                ]
              }
            >
              <Text
                style={
                  Array [
                    Object {
                      "color": "#000000",
                      "fontFamily": "System",
                      "fontWeight": "400",
                    },
                    Object {
                      "fontSize": 17,
                      "fontWeight": "400",
                      "lineHeight": 22,
                    },
                  ]
                }
              >
                Satoshis
              </Text>
            </View>
          </View>
        </View>
        <Text
          style={
            Array [
              Object {
                "color": "#000000",
                "fontFamily": "System",
                "fontWeight": "400",
              },
              Object {
                "color": "#8A8A8F",
                "fontSize": 13,
                "lineHeight": 17,
                "marginBottom": 30,
                "marginTop": -25,
                "paddingLeft": 15,
                "paddingRight": 15,
              },
            ]
          }
        >
          Choose the unit in which bitcoin amounts should be displayed.
        </Text>
        <Text
          style={
            Array [
              Object {
                "color": "#000000",
                "fontFamily": "System",
                "fontWeight": "400",
              },
              Object {
                "color": "#8A8A8F",
                "fontSize": 13,
                "lineHeight": 17,
                "marginBottom": 30,
                "marginTop": -25,
                "paddingLeft": 15,
                "paddingRight": 15,
              },
            ]
          }
        />
        <Text
          style={
            Array [
              Object {
                "color": "#000000",
                "fontFamily": "System",
                "fontWeight": "400",
              },
              Object {
                "color": "#8A8A8F",
                "fontSize": 13,
                "lineHeight": 17,
                "marginBottom": 30,
                "marginTop": -25,
                "paddingLeft": 15,
                "paddingRight": 15,
              },
            ]
          }
        >
          <Text
            style={
              Object {
                "fontWeight": "600",
              }
            }
          >
            BTC
          </Text>
           is one bitcoin and will be displayed as BTC.
        </Text>
        <Text
          style={
            Array [
              Object {
                "color": "#000000",
                "fontFamily": "System",
                "fontWeight": "400",
              },
              Object {
                "color": "#8A8A8F",
                "fontSize": 13,
                "lineHeight": 17,
                "marginBottom": 30,
                "marginTop": -25,
                "paddingLeft": 15,
                "paddingRight": 15,
              },
            ]
          }
        >
          <Text
            style={
              Object {
                "fontWeight": "600",
              }
            }
          >
            mBTC
          </Text>
           is one thousandth of a bitcoin and will be displayed as mBTC.
        </Text>
        <Text
          style={
            Array [
              Object {
                "color": "#000000",
                "fontFamily": "System",
                "fontWeight": "400",
              },
              Object {
                "color": "#8A8A8F",
                "fontSize": 13,
                "lineHeight": 17,
                "marginBottom": 30,
                "marginTop": -25,
                "paddingLeft": 15,
                "paddingRight": 15,
              },
            ]
          }
        >
          <Text
            style={
              Object {
                "fontWeight": "600",
              }
            }
          >
            Satoshi
          </Text>
           is one hundred millionth of a bitcoin and will be displayed as sats.
        </Text>
      </View>
    </View>
  </RCTScrollView>
</View>
`;
