// Jest Snapshot v1, https://goo.gl/fbAQLP

exports[`ErrorBoundary renders correctly 1`] = `
<View
  dispatch={[MockFunction]}
>
  <Text>
    496f7017-d1ef-430c-a2da-b2a4ac094798
  </Text>
  <ErrorModalContainer />
</View>
`;
