// Jest Snapshot v1, https://goo.gl/fbAQLP

exports[`Title renders correctly 1`] = `
<Text
  style={
    Array [
      Object {
        "color": "#000000",
        "fontFamily": "System",
        "fontWeight": "400",
      },
      Array [
        Object {
          "color": "#26203D",
          "fontSize": 18,
          "fontWeight": "600",
          "letterSpacing": 0.36,
          "marginBottom": 10,
          "textAlign": "center",
        },
        undefined,
      ],
    ]
  }
>
  <Text>
    32a29072-5334-4ad1-a86d-37f6c2639449
  </Text>
</Text>
`;
